// Jest Snapshot v1, https://goo.gl/fbAQLP

exports[`Events check if all events by  a particular restaurant are received 1`] = `ShallowWrapper {}`;

exports[`Events should render correctly in "debug" mode 1`] = `ShallowWrapper {}`;
