// Jest Snapshot v1, https://goo.gl/fbAQLP

exports[`About check if userdata was recieved and matches 1`] = `ShallowWrapper {}`;

exports[`About should render correctly in "debug" mode 1`] = `ShallowWrapper {}`;
